[    0.000000] Linux version 4.15.0-212-generic (buildd@lcy02-amd64-083) (gcc version 7.5.0 (Ubuntu 7.5.0-3ubuntu1~18.04)) #223-Ubuntu SMP Tue May 23 13:09:22 UTC 2023 (Ubuntu 4.15.0-212.223-generic 4.15.18)
[    0.000000] Command line: BOOT_IMAGE=/boot/vmlinuz-4.15.0-212-generic root=LABEL=cloudimg-rootfs ro console=tty1 console=ttyS0
[    0.000000] KERNEL supported cpus:
[    0.000000]   Intel GenuineIntel
[    0.000000]   AMD AuthenticAMD
[    0.000000]   Centaur CentaurHauls
[    0.000000] [Firmware Bug]: TSC doesn't count with P0 frequency!
[    0.000000] x86/fpu: x87 FPU will use FXSAVE
[    0.000000] e820: BIOS-provided physical RAM map:
[    0.000000] BIOS-e820: [mem 0x0000000000000000-0x000000000009fbff] usable
[    0.000000] BIOS-e820: [mem 0x000000000009fc00-0x000000000009ffff] reserved
[    0.000000] BIOS-e820: [mem 0x00000000000f0000-0x00000000000fffff] reserved
[    0.000000] BIOS-e820: [mem 0x0000000000100000-0x000000003ffeffff] usable
[    0.000000] BIOS-e820: [mem 0x000000003fff0000-0x000000003fffffff] ACPI data
[    0.000000] BIOS-e820: [mem 0x00000000fec00000-0x00000000fec00fff] reserved
[    0.000000] BIOS-e820: [mem 0x00000000fee00000-0x00000000fee00fff] reserved
[    0.000000] BIOS-e820: [mem 0x00000000fffc0000-0x00000000ffffffff] reserved
[    0.000000] NX (Execute Disable) protection: active
[    0.000000] SMBIOS 2.5 present.
[    0.000000] DMI: innotek GmbH VirtualBox/VirtualBox, BIOS VirtualBox 12/01/2006
[    0.000000] Hypervisor detected: KVM
[    0.000000] e820: last_pfn = 0x3fff0 max_arch_pfn = 0x400000000
[    0.000000] MTRR: Disabled
[    0.000000] x86/PAT: MTRRs disabled, skipping PAT initialization too.
[    0.000000] CPU MTRRs all blank - virtualized system.
[    0.000000] x86/PAT: Configuration [0-7]: WB  WT  UC- UC  WB  WT  UC- UC  
[    0.000000] found SMP MP-table at [mem 0x0009fff0-0x0009ffff]
[    0.000000] Scanning 1 areas for low memory corruption
[    0.000000] RAMDISK: [mem 0x359cb000-0x36cdcfff]
[    0.000000] ACPI: Early table checksum verification disabled
[    0.000000] ACPI: RSDP 0x00000000000E0000 000024 (v02 VBOX  )
[    0.000000] ACPI: XSDT 0x000000003FFF0030 00003C (v01 VBOX   VBOXXSDT 00000001 ASL  00000061)
[    0.000000] ACPI: FACP 0x000000003FFF00F0 0000F4 (v04 VBOX   VBOXFACP 00000001 ASL  00000061)
[    0.000000] ACPI: DSDT 0x000000003FFF0610 002353 (v02 VBOX   VBOXBIOS 00000002 INTL 20100528)
[    0.000000] ACPI: FACS 0x000000003FFF0200 000040
[    0.000000] ACPI: FACS 0x000000003FFF0200 000040
[    0.000000] ACPI: APIC 0x000000003FFF0240 00005C (v02 VBOX   VBOXAPIC 00000001 ASL  00000061)
[    0.000000] ACPI: SSDT 0x000000003FFF02A0 00036C (v01 VBOX   VBOXCPUT 00000002 INTL 20100528)
[    0.000000] ACPI: Reserving FACP table memory at [mem 0x3fff00f0-0x3fff01e3]
[    0.000000] ACPI: Reserving DSDT table memory at [mem 0x3fff0610-0x3fff2962]
[    0.000000] ACPI: Reserving FACS table memory at [mem 0x3fff0200-0x3fff023f]
[    0.000000] ACPI: Reserving FACS table memory at [mem 0x3fff0200-0x3fff023f]
[    0.000000] ACPI: Reserving APIC table memory at [mem 0x3fff0240-0x3fff029b]
[    0.000000] ACPI: Reserving SSDT table memory at [mem 0x3fff02a0-0x3fff060b]
[    0.000000] No NUMA configuration found
[    0.000000] Faking a node at [mem 0x0000000000000000-0x000000003ffeffff]
[    0.000000] NODE_DATA(0) allocated [mem 0x3ffc5000-0x3ffeffff]
[    0.000000] kvm-clock: cpu 0, msr 0:3ff44001, primary cpu clock
[    0.000000] kvm-clock: Using msrs 4b564d01 and 4b564d00
[    0.000000] kvm-clock: using sched offset of 3267324638 cycles
[    0.000000] clocksource: kvm-clock: mask: 0xffffffffffffffff max_cycles: 0x1cd42e4dffb, max_idle_ns: 881590591483 ns
[    0.000000] Zone ranges:
[    0.000000]   DMA      [mem 0x0000000000001000-0x0000000000ffffff]
[    0.000000]   DMA32    [mem 0x0000000001000000-0x000000003ffeffff]
[    0.000000]   Normal   empty
[    0.000000]   Device   empty
[    0.000000] Movable zone start for each node
[    0.000000] Early memory node ranges
[    0.000000]   node   0: [mem 0x0000000000001000-0x000000000009efff]
[    0.000000]   node   0: [mem 0x0000000000100000-0x000000003ffeffff]
[    0.000000] Reserved but unavailable: 104 pages
[    0.000000] Initmem setup node 0 [mem 0x0000000000001000-0x000000003ffeffff]
[    0.000000] ACPI: PM-Timer IO Port: 0x4008
[    0.000000] IOAPIC[0]: apic_id 2, version 32, address 0xfec00000, GSI 0-23
[    0.000000] ACPI: INT_SRC_OVR (bus 0 bus_irq 0 global_irq 2 dfl dfl)
[    0.000000] ACPI: INT_SRC_OVR (bus 0 bus_irq 9 global_irq 9 low level)
[    0.000000] Using ACPI (MADT) for SMP configuration information
[    0.000000] smpboot: Allowing 2 CPUs, 0 hotplug CPUs
[    0.000000] PM: Registered nosave memory: [mem 0x00000000-0x00000fff]
[    0.000000] PM: Registered nosave memory: [mem 0x0009f000-0x0009ffff]
[    0.000000] PM: Registered nosave memory: [mem 0x000a0000-0x000effff]
[    0.000000] PM: Registered nosave memory: [mem 0x000f0000-0x000fffff]
[    0.000000] e820: [mem 0x40000000-0xfebfffff] available for PCI devices
[    0.000000] Booting paravirtualized kernel on KVM
[    0.000000] clocksource: refined-jiffies: mask: 0xffffffff max_cycles: 0xffffffff, max_idle_ns: 7645519600211568 ns
[    0.000000] setup_percpu: NR_CPUS:8192 nr_cpumask_bits:2 nr_cpu_ids:2 nr_node_ids:1
[    0.000000] percpu: Embedded 50 pages/cpu s167936 r8192 d28672 u1048576
[    0.000000] PV qspinlock hash table entries: 256 (order: 0, 4096 bytes)
[    0.000000] Built 1 zonelists, mobility grouping on.  Total pages: 257913
[    0.000000] Policy zone: DMA32
[    0.000000] Kernel command line: BOOT_IMAGE=/boot/vmlinuz-4.15.0-212-generic root=LABEL=cloudimg-rootfs ro console=tty1 console=ttyS0
[    0.000000] Memory: 982644K/1048120K available (12300K kernel code, 2477K rwdata, 4324K rodata, 2480K init, 2720K bss, 65476K reserved, 0K cma-reserved)
[    0.000000] SLUB: HWalign=64, Order=0-3, MinObjects=0, CPUs=2, Nodes=1
[    0.000000] ftrace: allocating 39508 entries in 155 pages
[    0.004000] Hierarchical RCU implementation.
[    0.004000] 	RCU restricting CPUs from NR_CPUS=8192 to nr_cpu_ids=2.
[    0.004000] 	Tasks RCU enabled.
[    0.004000] RCU: Adjusting geometry for rcu_fanout_leaf=16, nr_cpu_ids=2
[    0.004000] NR_IRQS: 524544, nr_irqs: 440, preallocated irqs: 16
[    0.004000] random: crng init done
[    0.004000] Console: colour VGA+ 80x25
[    0.004000] console [tty1] enabled
[    0.004000] console [ttyS0] enabled
[    0.004000] ACPI: Core revision 20170831
[    0.004000] ACPI: 2 ACPI AML tables successfully acquired and loaded
[    0.004000] APIC: Switch to symmetric I/O mode setup
[    0.004000] ..TIMER: vector=0x30 apic1=0 pin1=2 apic2=-1 pin2=-1
[    0.004005] tsc: Detected 3892.588 MHz processor
[    0.008007] Calibrating delay loop (skipped) preset value.. 7785.17 BogoMIPS (lpj=15570352)
[    0.012003] pid_max: default: 32768 minimum: 301
[    0.014233] Security Framework initialized
[    0.016004] Yama: becoming mindful.
[    0.017683] AppArmor: AppArmor initialized
[    0.022118] Dentry cache hash table entries: 131072 (order: 8, 1048576 bytes)
[    0.025022] Inode-cache hash table entries: 65536 (order: 7, 524288 bytes)
[    0.028052] Mount-cache hash table entries: 2048 (order: 2, 16384 bytes)
[    0.032046] Mountpoint-cache hash table entries: 2048 (order: 2, 16384 bytes)
[    0.036300] Last level iTLB entries: 4KB 512, 2MB 512, 4MB 256
[    0.038772] Last level dTLB entries: 4KB 2048, 2MB 2048, 4MB 1024, 1GB 0
[    0.040003] Spectre V1 : Mitigation: usercopy/swapgs barriers and __user pointer sanitization
[    0.044004] Spectre V2 : Mitigation: Retpolines
[    0.048002] Spectre V2 : Spectre v2 / SpectreRSB mitigation: Filling RSB on context switch
[    0.052003] Spectre V2 : Spectre v2 / SpectreRSB : Filling RSB on VMEXIT
[    0.056150] Freeing SMP alternatives memory: 36K
[    0.169430] smpboot: CPU0: AMD Ryzen 5 5600G with Radeon Graphics (family: 0x19, model: 0x50, stepping: 0x0)
[    0.172128] Performance Events: PMU not available due to virtualization, using software events only.
[    0.176000] Hierarchical SRCU implementation.
[    0.176630] NMI watchdog: Perf event create on CPU 0 failed with -2
[    0.180002] NMI watchdog: Perf NMI watchdog permanently disabled
[    0.184190] smp: Bringing up secondary CPUs ...
[    0.186881] x86: Booting SMP configuration:
[    0.188002] .... node  #0, CPUs:      #1
[    0.004000] kvm-clock: cpu 1, msr 0:3ff44041, secondary cpu clock
[    0.195716] TSC synchronization [CPU#0 -> CPU#1]:
[    0.196000] Measured 65411 cycles TSC warp between CPUs, turning off TSC clock.
[    0.196000] tsc: Marking TSC unstable due to check_tsc_sync_source failed
[    0.196060] smp: Brought up 1 node, 2 CPUs
[    0.200004] smpboot: Max logical packages: 1
[    0.202030] smpboot: Total of 2 processors activated (15570.35 BogoMIPS)
[    0.204382] devtmpfs: initialized
[    0.205890] x86/mm: Memory block size: 128MB
[    0.208344] evm: security.selinux
[    0.212002] evm: security.SMACK64
[    0.213702] evm: security.SMACK64EXEC
[    0.216002] evm: security.SMACK64TRANSMUTE
[    0.217908] evm: security.SMACK64MMAP
[    0.220002] evm: security.apparmor
[    0.221715] evm: security.ima
[    0.224002] evm: security.capability
[    0.228196] clocksource: jiffies: mask: 0xffffffff max_cycles: 0xffffffff, max_idle_ns: 7645041785100000 ns
[    0.232007] futex hash table entries: 512 (order: 3, 32768 bytes)
[    0.236218] pinctrl core: initialized pinctrl subsystem
[    0.240236] RTC time: 19:24:03, date: 07/04/24
[    0.244639] NET: Registered protocol family 16
[    0.248085] audit: initializing netlink subsys (disabled)
[    0.252006] audit: type=2000 audit(1720121048.018:1): state=initialized audit_enabled=0 res=1
[    0.256077] cpuidle: using governor ladder
[    0.257785] cpuidle: using governor menu
[    0.261156] ACPI: bus type PCI registered
[    0.262177] acpiphp: ACPI Hot Plug PCI Controller Driver version: 0.5
[    0.264276] PCI: Using configuration type 1 for base access
[    0.268003] PCI: Using configuration type 1 for extended access
[    0.272944] HugeTLB registered 2.00 MiB page size, pre-allocated 0 pages
[    0.276272] ACPI: Added _OSI(Module Device)
[    0.280060] ACPI: Added _OSI(Processor Device)
[    0.281954] ACPI: Added _OSI(3.0 _SCP Extensions)
[    0.284002] ACPI: Added _OSI(Processor Aggregator Device)
[    0.286185] ACPI: Added _OSI(Linux-Dell-Video)
[    0.288000] ACPI: Added _OSI(Linux-Lenovo-NV-HDMI-Audio)
[    0.288003] ACPI: Added _OSI(Linux-HPI-Hybrid-Graphics)
[    0.290712] ACPI: Executed 1 blocks of module-level executable AML code
[    0.294307] ACPI: Interpreter enabled
[    0.296010] ACPI: (supports S0 S5)
[    0.297514] ACPI: Using IOAPIC for interrupt routing
[    0.299757] PCI: Using host bridge windows from ACPI; if necessary, use "pci=nocrs" and report a bug
[    0.300127] ACPI: Enabled 2 GPEs in block 00 to 07
[    0.308963] ACPI: PCI Root Bridge [PCI0] (domain 0000 [bus 00-ff])
[    0.311467] acpi PNP0A03:00: _OSC: OS supports [ExtendedConfig ASPM ClockPM Segments MSI]
[    0.312822] acpi PNP0A03:00: _OSC: platform does not support [PCIeCapability]
[    0.316399] acpi PNP0A03:00: _OSC: not requesting control; platform does not support [PCIeCapability]
[    0.320002] acpi PNP0A03:00: _OSC: OS requested [PCIeHotplug PME AER PCIeCapability]
[    0.324002] acpi PNP0A03:00: _OSC: platform willing to grant [PCIeHotplug PME AER]
[    0.328002] acpi PNP0A03:00: _OSC failed (AE_SUPPORT); disabling ASPM
[    0.332392] PCI host bridge to bus 0000:00
[    0.334115] pci_bus 0000:00: root bus resource [io  0x0000-0x0cf7 window]
[    0.336004] pci_bus 0000:00: root bus resource [io  0x0d00-0xffff window]
[    0.340002] pci_bus 0000:00: root bus resource [mem 0x000a0000-0x000bffff window]
[    0.343018] pci_bus 0000:00: root bus resource [mem 0x40000000-0xfdffffff window]
[    0.344002] pci_bus 0000:00: root bus resource [bus 00-ff]
[    0.351158] pci 0000:00:01.1: legacy IDE quirk: reg 0x10: [io  0x01f0-0x01f7]
[    0.352002] pci 0000:00:01.1: legacy IDE quirk: reg 0x14: [io  0x03f6]
[    0.356002] pci 0000:00:01.1: legacy IDE quirk: reg 0x18: [io  0x0170-0x0177]
[    0.360002] pci 0000:00:01.1: legacy IDE quirk: reg 0x1c: [io  0x0376]
[    0.373601] pci 0000:00:07.0: quirk: [io  0x4000-0x403f] claimed by PIIX4 ACPI
[    0.376019] pci 0000:00:07.0: quirk: [io  0x4100-0x410f] claimed by PIIX4 SMB
[    0.384371] ACPI: PCI Interrupt Link [LNKA] (IRQs 5 9 10 *11)
[    0.387011] ACPI: PCI Interrupt Link [LNKB] (IRQs 5 9 *10 11)
[    0.388111] ACPI: PCI Interrupt Link [LNKC] (IRQs 5 *9 10 11)
[    0.390613] ACPI: PCI Interrupt Link [LNKD] (IRQs 5 9 10 *11)
[    0.392411] SCSI subsystem initialized
[    0.396097] pci 0000:00:02.0: vgaarb: setting as boot VGA device
[    0.398508] pci 0000:00:02.0: vgaarb: VGA device added: decodes=io+mem,owns=io+mem,locks=none
[    0.400003] pci 0000:00:02.0: vgaarb: bridge control possible
[    0.404002] vgaarb: loaded
[    0.405281] ACPI: bus type USB registered
[    0.406996] usbcore: registered new interface driver usbfs
[    0.408008] usbcore: registered new interface driver hub
[    0.412006] usbcore: registered new device driver usb
[    0.414269] EDAC MC: Ver: 3.0.0
[    0.416409] PCI: Using ACPI for IRQ routing
[    0.420416] NetLabel: Initializing
[    0.421875] NetLabel:  domain hash size = 128
[    0.423704] NetLabel:  protocols = UNLABELED CIPSOv4 CALIPSO
[    0.424026] NetLabel:  unlabeled traffic allowed by default
[    0.428219] clocksource: Switched to clocksource kvm-clock
[    0.449285] VFS: Disk quotas dquot_6.6.0
[    0.456106] VFS: Dquot-cache hash table entries: 512 (order 0, 4096 bytes)
[    0.459402] AppArmor: AppArmor Filesystem Enabled
[    0.461682] pnp: PnP ACPI init
[    0.464376] pnp: PnP ACPI: found 3 devices
[    0.491087] clocksource: acpi_pm: mask: 0xffffff max_cycles: 0xffffff, max_idle_ns: 2085701024 ns
[    0.495125] NET: Registered protocol family 2
[    0.497612] IP idents hash table entries: 16384 (order: 5, 131072 bytes)
[    0.500837] TCP established hash table entries: 8192 (order: 4, 65536 bytes)
[    0.504181] TCP bind hash table entries: 8192 (order: 5, 131072 bytes)
[    0.507635] TCP: Hash tables configured (established 8192 bind 8192)
[    0.510842] UDP hash table entries: 512 (order: 2, 16384 bytes)
[    0.513578] UDP-Lite hash table entries: 512 (order: 2, 16384 bytes)
[    0.516453] NET: Registered protocol family 1
[    0.518466] pci 0000:00:00.0: Limiting direct PCI/PCI transfers
[    0.521180] pci 0000:00:01.0: Activating ISA DMA hang workarounds
[    0.523916] pci 0000:00:02.0: Video device with shadowed ROM at [mem 0x000c0000-0x000dffff]
[    0.527731] Unpacking initramfs...
[    0.614841] Freeing initrd memory: 19528K
[    0.797432] clocksource: tsc: mask: 0xffffffffffffffff max_cycles: 0x70380062691, max_idle_ns: 881590660993 ns
[    0.801906] platform rtc_cmos: registered platform RTC device (no PNP device found)
[    0.805322] Scanning for low memory corruption every 60 seconds
[    0.809189] Initialise system trusted keyrings
[    0.811212] Key type blacklist registered
[    0.813615] workingset: timestamp_bits=36 max_order=18 bucket_order=0
[    0.817935] zbud: loaded
[    0.820035] squashfs: version 4.0 (2009/01/31) Phillip Lougher
[    0.823491] fuse init (API version 7.26)
[    0.843730] Key type asymmetric registered
[    0.845567] Asymmetric key parser 'x509' registered
[    0.847651] Block layer SCSI generic (bsg) driver version 0.4 loaded (major 246)
[    0.851148] io scheduler noop registered
[    0.853020] io scheduler deadline registered
[    0.854905] io scheduler cfq registered (default)
[    0.857649] ACPI: AC Adapter [AC] (on-line)
[    0.859531] input: Power Button as /devices/LNXSYSTM:00/LNXPWRBN:00/input/input0
[    0.862755] ACPI: Power Button [PWRF]
[    0.864408] input: Sleep Button as /devices/LNXSYSTM:00/LNXSLPBN:00/input/input1
[    0.867558] ACPI: Sleep Button [SLPF]
[    0.870287] Serial: 8250/16550 driver, 32 ports, IRQ sharing enabled
[    0.897406] 00:02: ttyS0 at I/O 0x3f8 (irq = 4, base_baud = 115200) is a 16550A
[    0.911379] Linux agpgart interface v0.103
[    0.919086] loop: module loaded
[    0.922369] scsi host0: ata_piix
[    0.924419] scsi host1: ata_piix
[    0.926014] ata1: PATA max UDMA/33 cmd 0x1f0 ctl 0x3f6 bmdma 0xd000 irq 14
[    0.929187] ata2: PATA max UDMA/33 cmd 0x170 ctl 0x376 bmdma 0xd008 irq 15
[    0.932413] tun: Universal TUN/TAP device driver, 1.6
[    0.934994] PPP generic driver version 2.4.2
[    0.937393] ehci_hcd: USB 2.0 'Enhanced' Host Controller (EHCI) Driver
[    0.940302] ehci-pci: EHCI PCI platform driver
[    0.942424] ehci-platform: EHCI generic platform driver
[    0.944843] ohci_hcd: USB 1.1 'Open' Host Controller (OHCI) Driver
[    0.947600] ohci-pci: OHCI PCI platform driver
[    0.949779] ohci-platform: OHCI generic platform driver
[    0.952198] uhci_hcd: USB Universal Host Controller Interface driver
[    0.954985] i8042: PNP: PS/2 Controller [PNP0303:PS2K,PNP0f03:PS2M] at 0x60,0x64 irq 1,12
[    0.960616] serio: i8042 KBD port at 0x60,0x64 irq 1
[    0.962902] serio: i8042 AUX port at 0x60,0x64 irq 12
[    0.965726] mousedev: PS/2 mouse device common for all mice
[    0.969332] input: AT Translated Set 2 keyboard as /devices/platform/i8042/serio0/input/input2
[    0.972754] rtc_cmos rtc_cmos: rtc core: registered rtc_cmos as rtc0
[    0.976437] rtc_cmos rtc_cmos: alarms up to one day, 114 bytes nvram
[    0.978995] i2c /dev entries driver
[    0.980618] device-mapper: uevent: version 1.0.3
[    0.982870] device-mapper: ioctl: 4.37.0-ioctl (2017-09-20) initialised: dm-devel@redhat.com
[    0.986576] ledtrig-cpu: registered to indicate activity on CPUs
[    0.990485] NET: Registered protocol family 10
[    0.999422] Segment Routing with IPv6
[    1.001094] NET: Registered protocol family 17
[    1.003252] Key type dns_resolver registered
[    1.005756] mce: Using 0 MCE banks
[    1.007381] RAS: Correctable Errors collector initialized.
[    1.009957] sched_clock: Marking stable (1009905298, 0)->(1328284530, -318379232)
[    1.014895] registered taskstats version 1
[    1.017076] Loading compiled-in X.509 certificates
[    1.022005] Loaded X.509 cert 'Build time autogenerated kernel key: b5b26778eaa3ab3a4a6cee031137706e947d12ad'
[    1.026587] Loaded X.509 cert 'Canonical Ltd. Live Patch Signing: 14df34d1a87cf37625abec039ef2bf521249b969'
[    1.031447] Loaded X.509 cert 'Canonical Ltd. Kernel Module Signing: 88f752e560a1e0737e31163a466ad7b70a850c19'
[    1.035798] blacklist: Loading compiled-in revocation X.509 certificates
[    1.038944] Loaded X.509 cert 'Canonical Ltd. Secure Boot Signing: 61482aa2830d0ab2ad5af10b7250da9033ddcef0'
[    1.043182] Loaded X.509 cert 'Canonical Ltd. Secure Boot Signing (2017): 242ade75ac4a15e50d50c84b0d45ff3eae707a03'
[    1.047677] Loaded X.509 cert 'Canonical Ltd. Secure Boot Signing (ESM 2018): 365188c1d374d6b07c3c8f240f8ef722433d6a8b'
[    1.052437] Loaded X.509 cert 'Canonical Ltd. Secure Boot Signing (2019): c0746fd6c5da3ae827864651ad66ae47fe24b3e8'
[    1.057017] Loaded X.509 cert 'Canonical Ltd. Secure Boot Signing (2021 v1): a8d54bbb3825cfb94fa13c9f8a594a195c107b8d'
[    1.061585] Loaded X.509 cert 'Canonical Ltd. Secure Boot Signing (2021 v2): 4cf046892d6fd3c9a5b03f98d845f90851dc6a8c'
[    1.066166] Loaded X.509 cert 'Canonical Ltd. Secure Boot Signing (2021 v3): 100437bb6de6e469b581e61cd66bce3ef4ed53af'
[    1.070718] Loaded X.509 cert 'Canonical Ltd. Secure Boot Signing (Ubuntu Core 2019): c1d57b8f6b743f23ee41f4f7ee292f06eecadfb9'
[    1.075754] zswap: loaded using pool lzo/zbud
[    1.084080] Key type big_key registered
[    1.085744] Key type trusted registered
[    1.089737] Key type encrypted registered
[    1.091582] AppArmor: AppArmor sha1 policy hashing enabled
[    1.094204] ima: No TPM chip found, activating TPM-bypass! (rc=-19)
[    1.097185] ima: Allocated hash algorithm: sha1
[    1.099280] evm: HMAC attrs: 0x1
[    1.101309]   Magic number: 0:696:444
[    1.114041] rtc_cmos rtc_cmos: setting system clock to 2024-07-04 19:24:04 UTC (1720121044)
[    1.132234] BIOS EDD facility v0.16 2004-Jun-25, 0 devices found
[    1.134783] EDD information not available.
[    1.138620] Freeing unused kernel image memory: 2480K
[    1.188807] Write protecting the kernel read-only data: 20480k
[    1.192532] Freeing unused kernel image memory: 2008K
[    1.195056] Freeing unused kernel image memory: 1820K
[    1.200501] x86/mm: Checked W+X mappings: passed, no W+X pages found.
Loading, please wait...
starting version 237
[    1.252388] Fusion MPT base driver 3.04.20
[    1.254366] Copyright (c) 1999-2008 LSI Corporation
[    1.257066] e1000: Intel(R) PRO/1000 Network Driver - version 7.3.21-k8-NAPI
[    1.260017] e1000: Copyright (c) 1999-2006 Intel Corporation.
[    1.278272] SSE version of gcm_enc/dec engaged.
[    1.281487] Fusion MPT SPI Host driver 3.04.20
[    1.490807] input: ImExPS/2 Generic Explorer Mouse as /devices/platform/i8042/serio1/input/input4
[    1.773536] e1000 0000:00:03.0 eth0: (PCI:33MHz:32-bit) 02:3b:7b:b7:3b:2d
[    1.776487] e1000 0000:00:03.0 eth0: Intel(R) PRO/1000 Network Connection
[    1.780769] mptbase: ioc0: Initiating bringup
[    1.889977] ioc0: LSI53C1030 A0: Capabilities={Initiator}
[    2.137038] scsi host2: ioc0: LSI53C1030 A0, FwRev=00000000h, Ports=1, MaxQ=256, IRQ=20
[    2.308976] scsi 2:0:0:0: Direct-Access     VBOX     HARDDISK         1.0  PQ: 0 ANSI: 5
[    2.344743] scsi target2:0:0: Beginning Domain Validation
[    2.359465] scsi target2:0:0: Domain Validation skipping write tests
[    2.362599] scsi target2:0:0: Ending Domain Validation
[    2.365143] scsi target2:0:0: asynchronous
[    2.370870] scsi 2:0:1:0: Direct-Access     VBOX     HARDDISK         1.0  PQ: 0 ANSI: 5
[    2.732144] scsi target2:0:1: Beginning Domain Validation
[    2.738109] scsi target2:0:1: Domain Validation skipping write tests
[    2.740733] scsi target2:0:1: Ending Domain Validation
[    2.743014] scsi target2:0:1: asynchronous
[    2.751428] sd 2:0:0:0: Attached scsi generic sg0 type 0
[    2.751508] sd 2:0:0:0: [sda] 83886080 512-byte logical blocks: (42.9 GB/40.0 GiB)
[    2.757942] sd 2:0:0:0: [sda] Write Protect is off
[    2.758034] sd 2:0:1:0: Attached scsi generic sg1 type 0
[    2.763141] sd 2:0:0:0: [sda] Incomplete mode parameter data
[    2.765907] sd 2:0:0:0: [sda] Assuming drive cache: write through
[    2.765952] sd 2:0:1:0: [sdb] 20480 512-byte logical blocks: (10.5 MB/10.0 MiB)
[    2.779317] sd 2:0:1:0: [sdb] Write Protect is off
[    2.782424] sd 2:0:1:0: [sdb] Incomplete mode parameter data
[    2.785131] sd 2:0:1:0: [sdb] Assuming drive cache: write through
[    2.789815] e1000 0000:00:08.0 eth1: (PCI:33MHz:32-bit) 08:00:27:89:40:4a
[    2.792794] e1000 0000:00:08.0 eth1: Intel(R) PRO/1000 Network Connection
[    2.796717]  sda: sda1
[    2.799848] sd 2:0:0:0: [sda] Attached SCSI disk
[    2.803517] sd 2:0:1:0: [sdb] Attached SCSI disk
[    2.806833] e1000 0000:00:03.0 enp0s3: renamed from eth0
[   60.134918] e1000 0000:00:08.0 enp0s8: renamed from eth1
Begin: Loading essential drivers ... [   61.732831] raid6: sse2x1   gen()  9379 MB/s
[   61.784429] raid6: sse2x1   xor() 12880 MB/s
[   61.836224] raid6: sse2x2   gen() 15037 MB/s
[   61.898237] raid6: sse2x2   xor() 20277 MB/s
[   61.960246] raid6: sse2x4   gen() 25057 MB/s
[   62.022278] raid6: sse2x4   xor() 14919 MB/s
[   62.024239] raid6: using algorithm sse2x4 gen() 25057 MB/s
[   62.026588] raid6: .... xor() 14919 MB/s, rmw enabled
[   62.028804] raid6: using ssse3x2 recovery algorithm
[   62.032102] xor: measuring software checksum speed
[   62.072180]    prefetch64-sse: 21172.000 MB/sec
[   62.112057]    generic_sse: 21493.000 MB/sec
[   62.113878] xor: using function: generic_sse (21493.000 MB/sec)
[   62.117912] async_tx: api initialized (async)
done.
Begin: Running /scripts/init-premount ... done.
Begin: Mounting root file system ... Begin: Running /scripts/local-top ... done.
Begin: Running /scripts/local-premount ... [   62.154332] Btrfs loaded, crc32c=crc32c-intel
Scanning for Btrfs filesystems
done.
Warning: fsck not present, so skipping root file system
[   62.214073] EXT4-fs (sda1): mounted filesystem with ordered data mode. Opts: (null)
done.
Begin: Running /scripts/local-bottom ... done.
Begin: Running /scripts/init-bottom ... done.
[   62.491322] ip_tables: (C) 2000-2006 Netfilter Core Team
[   62.504218] systemd[1]: systemd 237 running in system mode. (+PAM +AUDIT +SELINUX +IMA +APPARMOR +SMACK +SYSVINIT +UTMP +LIBCRYPTSETUP +GCRYPT +GNUTLS +ACL +XZ +LZ4 +SECCOMP +BLKID +ELFUTILS +KMOD -IDN2 +IDN -PCRE2 default-hierarchy=hybrid)
[   62.513384] systemd[1]: Detected virtualization oracle.
[   62.515600] systemd[1]: Detected architecture x86-64.

Welcome to [1mUbuntu 18.04.6 LTS[0m!

[   62.533864] systemd[1]: Set hostname to <ubuntu>.
[   62.539270] systemd[1]: Initializing machine ID from random generator.
[   62.542128] systemd[1]: Installed transient /etc/machine-id file.
[   62.806261] systemd[1]: Reached target Mounting snaps.
[[0;32m  OK  [0m] Reached target Mounting snaps.
[   62.809840] systemd[1]: Started Forward Password Requests to Wall Directory Watch.
[[0;32m  OK  [0m] Started Forward Password Requests to Wall Directory Watch.
[   62.814499] systemd[1]: Reached target Mounted snaps.
[[0;32m  OK  [0m] Reached target Mounted snaps.
[   62.817670] systemd[1]: Reached target Swap.
[[0;32m  OK  [0m] Reached target Swap.
[[0;32m  OK  [0m] Created slice System Slice.
[[0;32m  OK  [0m] Listening on Journal Socket (/dev/log).
[[0;32m  OK  [0m] Created slice system-serial\x2dgetty.slice.
[[0;32m  OK  [0m] Listening on Journal Socket.
         Starting Set the console keyboard layout...
         Mounting POSIX Message Queue File System...
         Starting Uncomplicated firewall...
         Starting Load Kernel Modules...
         Starting Create list of required stâ€¦ce nodes for the current kernel...
[[0;32m  OK  [0m] Listening on udev Kernel Socket.
[[0;32m  OK  [0m] Listening on Syslog Socket.
         Mounting Kernel Debug File System...
[[0;32m  OK  [0m] Listening on fsck to fsckd communication Socket.
[[0;32m  OK  [0m] Listening on Journal Audit Socket.
         Starting Journal Service...
         Mounting Huge Pages File System...
[[0;32m  OK  [0m] Listening on /dev/initctl Compatibility Named Pipe.
[[0;32m  OK  [0m] Listening on Network Service Netlink Socket.
[[0;32m  OK  [0m] Reached target System Time Synchronized.
[[0;32m  OK  [0m] Reached target User and Group Name Lookups.
[[0;32m  OK  [0m] Created slice User and Session Slice.
[[0;32m  OK  [0m] Reached target Slices.
[[0;32m  OK  [0m] Listening on Device-mapper event daemon FIFOs.
[[0;32m  OK  [0m] Listening on LVM2 metadata daemon socket.
         Starting Monitoring of LVM2 mirrorsâ€¦ng dmeventd or progress polling...
[[0;32m  OK  [0m] Listening on LVM2 poll daemon socket.
[[0;32m  OK  [0m] Set up automount Arbitrary Executabâ€¦rmats File System Automount Point.
         Starting File System Check on Root Device...
[[0;32m  OK  [0m] Listening on udev Control Socket.
         Starting udev Coldplug all Devices...
[[0;32m  OK  [0m] Mounted POSIX Message Queue File System.
[[0;32m  OK  [0m] Started Uncomplicated firewall.
[[0;32m  OK  [0m] Started Create list of required staâ€¦vice nodes for the current kernel.
[[0;32m  OK  [0m] Mounted Kernel Debug File System.
[   62.927148] Loading iSCSI transport class v2.0-870.
[[0;32m  OK  [0m] Mounted Huge Pages File System.
[[0;32m  OK  [0m] Started LVM2 metadata daemon.
         Starting Create Static Device Nodes in /dev...
[   62.936751] iscsi: registered transport (tcp)
[[0;32m  OK  [0m] Started Journal Service.
[[0;32m  OK  [0m] Started File System Check Daemon to report status.
[[0;32m  OK  [0m] Started udev Coldplug all Devices.
[[0;32m  OK  [0m] Started Create Static Device Nodes in /dev.
[[0;32m  OK  [0m] Started File System Check on Root Device.
         Starting Remount Root and Kernel File Systems...
[   63.033657] iscsi: registered transport (iser)
[[0;32m  OK  [0m] Started Load Kernel Modules.
         Mounting FUSE Control File System...
         Mounting Kernel Configuration File System...
         Starting Apply Kernel Variables...
[[0;32m  OK  [0m] Mounted FUSE Control File System.
[[0;32m  OK  [0m] Mounted Kernel Configuration File System.
[[0;32m  OK  [0m] Started Monitoring of LVM2 mirrors,â€¦sing dmeventd or progress polling.
[[0;32m  OK  [0m] Started Remount Root and Kernel File Systems.
         Starting Load/Save Random Seed...
         Starting udev Kernel Device Manager...
         Starting Flush Journal to Persistent Storage...
[[0;32m  OK  [0m] Started Apply Kernel Variables.
[[0;32m  OK  [0m] Started Load/Save Random Seed.
[[0;32m  OK  [0m] Started udev Kernel Device Manager.
[[0;32m  OK  [0m] Started Flush Journal to Persistent Storage.
[[0;32m  OK  [0m] Found device /dev/ttyS0.
[[0;32m  OK  [0m] Listening on Load/Save RF Kill Switch Status /dev/rfkill Watch.
[[0;32m  OK  [0m] Started Set the console keyboard layout.
[[0;32m  OK  [0m] Started Dispatch Password Requests to Console Directory Watch.
[[0;32m  OK  [0m] Reached target Local Encrypted Volumes.
[[0;32m  OK  [0m] Reached target Local File Systems (Pre).
[[0;32m  OK  [0m] Reached target Local File Systems.
         Starting Create Volatile Files and Directories...
         Starting AppArmor initialization...
         Starting Set console font and keymap...
         Starting ebtables ruleset management...
         Starting Commit a transient machine-id on disk...
         Starting Tell Plymouth To Write Out Runtime Data...
[[0;32m  OK  [0m] Started Create Volatile Files and Directories.
         Starting Update UTMP about System Boot/Shutdown...
[[0;32m  OK  [0m] Started Tell Plymouth To Write Out Runtime Data.
[[0;32m  OK  [0m] Started Update UTMP about System Boot/Shutdown.
[[0;32m  OK  [0m] Started Commit a transient machine-id on disk.
[[0;32m  OK  [0m] Started ebtables ruleset management.
         Mounting Arbitrary Executable File Formats File System...
[[0;32m  OK  [0m] Mounted Arbitrary Executable File Formats File System.
[[0;32m  OK  [0m] Started AppArmor initialization.
         Starting Load AppArmor profiles managed internally by snapd...
         Starting Initial cloud-init job (pre-networking)...
[[0;32m  OK  [0m] Started Load AppArmor profiles managed internally by snapd.
[[0;32m  OK  [0m] Started Set console font and keymap.
[   66.741770] cloud-init[764]: Cloud-init v. 23.1.2-0ubuntu0~18.04.1 running 'init-local' at Thu, 04 Jul 2024 19:25:09 +0000. Up 66.46 seconds.
[[0;32m  OK  [0m] Started Initial cloud-init job (pre-networking).
[[0;32m  OK  [0m] Reached target Network (Pre).
         Starting Network Service...
[[0;32m  OK  [0m] Started Network Service.
         Starting Wait for Network to be Configured...
         Starting Network Name Resolution...
[[0;32m  OK  [0m] Started Network Name Resolution.
[[0;32m  OK  [0m] Reached target Network.
[[0;32m  OK  [0m] Reached target Host and Network Name Lookups.
[[0;32m  OK  [0m] Started Wait for Network to be Configured.
         Starting Initial cloud-init job (metadata service crawler)...
[   68.831018] cloud-init[895]: Cloud-init v. 23.1.2-0ubuntu0~18.04.1 running 'init' at Thu, 04 Jul 2024 19:25:12 +0000. Up 68.74 seconds.
[   68.834356] cloud-init[895]: ci-info: ++++++++++++++++++++++++++++++++++++++Net device info+++++++++++++++++++++++++++++++++++++++
[   68.837369] cloud-init[895]: ci-info: +--------+-------+----------------------------+---------------+--------+-------------------+
[   68.840342] cloud-init[895]: ci-info: | Device |   Up  |          Address           |      Mask     | Scope  |     Hw-Address    |
[   68.843300] cloud-init[895]: ci-info: +--------+-------+----------------------------+---------------+--------+-------------------+
[   68.846365] cloud-init[895]: ci-info: | enp0s3 |  True |         10.0.2.15          | 255.255.255.0 | global | 02:3b:7b:b7:3b:2d |
[   68.849279] cloud-init[895]: ci-info: | enp0s3 |  True | fe80::3b:7bff:feb7:3b2d/64 |       .       |  link  | 02:3b:7b:b7:3b:2d |
[   68.852029] cloud-init[895]: ci-info: | enp0s8 | False |             .              |       .       |   .    | 08:00:27:89:40:4a |
[   68.855283] cloud-init[895]: ci-info: |   lo   |  True |         127.0.0.1          |   255.0.0.0   |  host  |         .         |
[   68.858290] cloud-init[895]: ci-info: |   lo   |  True |          ::1/128           |       .       |  host  |         .         |
[   68.861174] cloud-init[895]: ci-info: +--------+-------+----------------------------+---------------+--------+-------------------+
[   68.864312] cloud-init[895]: ci-info: ++++++++++++++++++++++++++++Route IPv4 info+++++++++++++++++++++++++++++
[   68.866844] cloud-init[895]: ci-info: +-------+-------------+----------+-----------------+-----------+-------+
[   68.869502] cloud-init[895]: ci-info: | Route | Destination | Gateway  |     Genmask     | Interface | Flags |
[   68.872047] cloud-init[895]: ci-info: +-------+-------------+----------+-----------------+-----------+-------+
[   68.875100] cloud-init[895]: ci-info: |   0   |   0.0.0.0   | 10.0.2.2 |     0.0.0.0     |   enp0s3  |   UG  |
[   68.877653] cloud-init[895]: ci-info: |   1   |   10.0.2.0  | 0.0.0.0  |  255.255.255.0  |   enp0s3  |   U   |
[   68.880395] cloud-init[895]: ci-info: |   2   |   10.0.2.2  | 0.0.0.0  | 255.255.255.255 |   enp0s3  |   UH  |
[   68.883062] cloud-init[895]: ci-info: +-------+-------------+----------+-----------------+-----------+-------+
[   68.886004] cloud-init[895]: ci-info: +++++++++++++++++++Route IPv6 info+++++++++++++++++++
[   68.888612] cloud-init[895]: ci-info: +-------+-------------+---------+-----------+-------+
[   68.890856] cloud-init[895]: ci-info: | Route | Destination | Gateway | Interface | Flags |
[   68.893349] cloud-init[895]: ci-info: +-------+-------------+---------+-----------+-------+
[   68.895981] cloud-init[895]: ci-info: |   1   |  fe80::/64  |    ::   |   enp0s3  |   U   |
[   68.900643] cloud-init[895]: ci-info: |   3   |    local    |    ::   |   enp0s3  |   U   |
[   68.902898] cloud-init[895]: ci-info: |   4   |   ff00::/8  |    ::   |   enp0s3  |   U   |
[   68.905417] cloud-init[895]: ci-info: +-------+-------------+---------+-----------+-------+
[   69.627642] cloud-init[895]: Generating public/private rsa key pair.
[   69.629092] cloud-init[895]: Your identification has been saved in /etc/ssh/ssh_host_rsa_key.
[   69.630480] cloud-init[895]: Your public key has been saved in /etc/ssh/ssh_host_rsa_key.pub.
[   69.631908] cloud-init[895]: The key fingerprint is:
[   69.632819] cloud-init[895]: SHA256:FwfICoTtUDyh/cSoymlXz/TvmiooVevUR3h7I4xGtpo root@ubuntu-bionic
[   69.634335] cloud-init[895]: The key's randomart image is:
[   69.635400] cloud-init[895]: +---[RSA 2048]----+
[   69.636295] cloud-init[895]: |   *+. . ..      |
[   69.637108] cloud-init[895]: |  oo=o  o  .     |
[   69.637961] cloud-init[895]: |  .oooo.. . .    |
[   69.638837] cloud-init[895]: |   ..+.+ o o     |
[   69.639633] cloud-init[895]: |  . ..*.S o      |
[   69.640504] cloud-init[895]: |.....o+=.* o     |
[   69.641284] cloud-init[895]: |.+..+ +o..o .    |
[   69.642109] cloud-init[895]: |.... E    o      |
[   69.643120] cloud-init[895]: |  .   ...ooo     |
[   69.643974] cloud-init[895]: +----[SHA256]-----+
[   69.644788] cloud-init[895]: Generating public/private dsa key pair.
[   69.645847] cloud-init[895]: Your identification has been saved in /etc/ssh/ssh_host_dsa_key.
[   69.647255] cloud-init[895]: Your public key has been saved in /etc/ssh/ssh_host_dsa_key.pub.
[   69.648764] cloud-init[895]: The key fingerprint is:
[   69.649627] cloud-init[895]: SHA256:W1x1ZHvONmCNIKQS4khdG2qEfrTrgbSE57YwllnbZb8 root@ubuntu-bionic
[   69.651047] cloud-init[895]: The key's randomart image is:
[   69.651947] cloud-init[895]: +---[DSA 1024]----+
[   69.652779] cloud-init[895]: | .oo.+  .o .  ..+|
[   69.653580] cloud-init[895]: |..+oo + . . ..oo.|
[   69.654408] cloud-init[895]: |o..+.o .    .+ o.|
[   69.655202] cloud-init[895]: |.+o+  .o . .. .o.|
[   69.655997] cloud-init[895]: |ooB + o S o    .+|
[   69.656810] cloud-init[895]: |o*o+ .   +     ..|
[   69.657588] cloud-init[895]: |.+...   . .      |
[   69.658462] cloud-init[895]: |  ..     E       |
[   69.659302] cloud-init[895]: |                 |
[   69.660163] cloud-init[895]: +----[SHA256]-----+
[   69.660950] cloud-init[895]: Generating public/private ecdsa key pair.
[   69.662032] cloud-init[895]: Your identification has been saved in /etc/ssh/ssh_host_ecdsa_key.
[   69.663447] cloud-init[895]: Your public key has been saved in /etc/ssh/ssh_host_ecdsa_key.pub.
[   69.664901] cloud-init[895]: The key fingerprint is:
[   69.665698] cloud-init[895]: SHA256:fr3T70U7AjB1LAEnNap1iBJTTDBGB4l3JnoMOKMUGwM root@ubuntu-bionic
[   69.667218] cloud-init[895]: The key's randomart image is:
[   69.668323] cloud-init[895]: +---[ECDSA 256]---+
[   69.669127] cloud-init[895]: |E+o oOB+ oo*o.   |
[   69.669948] cloud-init[895]: | =+o.+=+. *.o.   |
[   69.670765] cloud-init[895]: |o.o =.+. * ..    |
[   69.671684] cloud-init[895]: |.  . o. o +      |
[   69.672570] cloud-init[895]: |    .  .S  .    .|
[   69.673343] cloud-init[895]: |       .   ..  ..|
[   69.674168] cloud-init[895]: |        . . .o o.|
[   69.674997] cloud-init[895]: |         .  ..o o|
[   69.675819] cloud-init[895]: |            .. oo|
[   69.676676] cloud-init[895]: +----[SHA256]-----+
[   69.677493] cloud-init[895]: Generating public/private ed25519 key pair.
[   69.678620] cloud-init[895]: Your identification has been saved in /etc/ssh/ssh_host_ed25519_key.
[   69.680279] cloud-init[895]: Your public key has been saved in /etc/ssh/ssh_host_ed25519_key.pub.
[   69.681718] cloud-init[895]: The key fingerprint is:
[   69.682583] cloud-init[895]: SHA256:uaKId5oOqxDUljvXmEWlKx/3PHrbkzBEWcyKW82kCmQ root@ubuntu-bionic
[   69.684124] cloud-init[895]: The key's randomart image is:
[   69.685047] cloud-init[895]: +--[ED25519 256]--+
[   69.685869] cloud-init[895]: |       ...  =.   |
[   69.686705] cloud-init[895]: |  . . .E.  o +   |
[   69.687526] cloud-init[895]: | . +  oo  o *    |
[   69.688538] cloud-init[895]: |. . . =..o = o   |
[   69.689414] cloud-init[895]: |.  o = +S.=      |
[   69.690248] cloud-init[895]: | .  o o o+oo     |
[   69.691100] cloud-init[895]: |o     ...  +o .  |
[   69.691947] cloud-init[895]: |.+.o.. .  ..oo   |
[   69.692797] cloud-init[895]: |=o=o.    ......  |
[   69.693608] cloud-init[895]: +----[SHA256]-----+
[[0;32m  OK  [0m] Started Initial cloud-init job (metadata service crawler).
[[0;32m  OK  [0m] Reached target Network is Online.
[[0;32m  OK  [0m] Reached target Remote File Systems (Pre).
[[0;32m  OK  [0m] Reached target Remote File Systems.
         Starting Availability of block devices...
[[0;32m  OK  [0m] Reached target System Initialization.
[[0;32m  OK  [0m] Listening on UUID daemon activation socket.
         Starting Socket activation for snappy daemon.
[[0;32m  OK  [0m] Listening on ACPID Listen Socket.
[[0;32m  OK  [0m] Listening on Open-iSCSI iscsid Socket.
[[0;32m  OK  [0m] Listening on D-Bus System Message Bus Socket.
         Starting LXD - unix socket.
[[0;32m  OK  [0m] Started Daily apt download activities.
[[0;32m  OK  [0m] Started Daily apt upgrade and clean activities.
[[0;32m  OK  [0m] Started Daily Cleanup of Temporary Directories.
[[0;32m  OK  [0m] Listening on cloud-init hotplug hook socket.
[[0;32m  OK  [0m] Started Message of the Day.
[[0;32m  OK  [0m] Started Ubuntu Advantage Timer for running repeated jobs.
[[0;32m  OK  [0m] Started ACPI Events Check.
[[0;32m  OK  [0m] Reached target Paths.
[[0;32m  OK  [0m] Started Discard unused blocks once a week.
[[0;32m  OK  [0m] Reached target Timers.
[[0;32m  OK  [0m] Reached target Cloud-config availability.
[[0;32m  OK  [0m] Started Availability of block devices.
[[0;32m  OK  [0m] Listening on Socket activation for snappy daemon.
[[0;32m  OK  [0m] Listening on LXD - unix socket.
[[0;32m  OK  [0m] Reached target Sockets.
[[0;32m  OK  [0m] Reached target Basic System.
         Starting LXD - container startup/shutdown...
         Starting Virtualbox guest utils...
         Starting LSB: automatic crash report generation...
[[0;32m  OK  [0m] Started FUSE filesystem for LXC.
         Starting Pollinate to seed the pseudo random number generator...
[[0;32m  OK  [0m] Reached target Login Prompts (Pre).
         Starting Accounts Service...
[[0;32m  OK  [0m] Started D-Bus System Message Bus.
         Starting Dispatcher daemon for systemd-networkd...
         Starting Login Service...
[[0;32m  OK  [0m] Started irqbalance daemon.
[[0;32m  OK  [0m] Started Deferred execution scheduler.
         Starting LSB: Record successful boot for GRUB...
         Starting Permit User Sessions...
[[0;32m  OK  [0m] Started Regular background program processing daemon.
         Starting System Logging Service...
         Starting Snap Daemon...
[[0;32m  OK  [0m] Started Permit User Sessions.
[[0;32m  OK  [0m] Started System Logging Service.
[[0;32m  OK  [0m] Started Login Service.
[[0;32m  OK  [0m] Started Unattended Upgrades Shutdown.
         Starting Authorization Manager...
         Starting Terminate Plymouth Boot Screen...
         Starting Hold until boot process finishes up...
[[0;32m  OK  [0m] Started Hold until boot process finishes up.
[[0;32m  OK  [0m] Started Serial Getty on ttyS0.
         Starting Set console scheme...
[[0;32m  OK  [0m] Started Terminate Plymouth Boot Screen.
[[0;32m  OK  [0m] Started Set console scheme.
[[0;32m  OK  [0m] Created slice system-getty.slice.
[[0;32m  OK  [0m] Started Getty on tty1.
[[0;32m  OK  [0m] Reached target Login Prompts.
[[0;32m  OK  [0m] Started LSB: automatic crash report generation.
[[0;32m  OK  [0m] Started LSB: Record successful boot for GRUB.
[[0;32m  OK  [0m] Started Authorization Manager.
[[0;32m  OK  [0m] Started Accounts Service.
[[0;32m  OK  [0m] Started LXD - container startup/shutdown.
[[0;32m  OK  [0m] Started Virtualbox guest utils.
[[0;32m  OK  [0m] Started Dispatcher daemon for systemd-networkd.
[[0;32m  OK  [0m] Started Snap Daemon.
         Starting Wait until snapd is fully seeded...
[[0;32m  OK  [0m] Started Pollinate to seed the pseudo random number generator.
         Starting OpenBSD Secure Shell server...
[[0;32m  OK  [0m] Started OpenBSD Secure Shell server.
[[0;32m  OK  [0m] Created slice User Slice of vagrant.
         Starting User Manager for UID 1000...
[[0;32m  OK  [0m] Started Session 1 of user vagrant.
[[0;32m  OK  [0m] Started User Manager for UID 1000.
         Starting Time & Date Service...
[[0;32m  OK  [0m] Started Time & Date Service.
[   76.399270] cloud-init[1740]: Cloud-init v. 23.1.2-0ubuntu0~18.04.1 running 'modules:config' at Thu, 04 Jul 2024 19:25:19 +0000. Up 75.94 seconds.

Ubuntu 18.04.6 LTS ubuntu-bionic ttyS0

ubuntu-bionic login: ci-info: no authorized SSH keys fingerprints found for user ubuntu.
<14>Jul  4 19:25:20 cloud-init: #############################################################
<14>Jul  4 19:25:20 cloud-init: -----BEGIN SSH HOST KEY FINGERPRINTS-----
<14>Jul  4 19:25:20 cloud-init: 1024 SHA256:W1x1ZHvONmCNIKQS4khdG2qEfrTrgbSE57YwllnbZb8 root@ubuntu-bionic (DSA)
<14>Jul  4 19:25:20 cloud-init: 256 SHA256:fr3T70U7AjB1LAEnNap1iBJTTDBGB4l3JnoMOKMUGwM root@ubuntu-bionic (ECDSA)
<14>Jul  4 19:25:20 cloud-init: 256 SHA256:uaKId5oOqxDUljvXmEWlKx/3PHrbkzBEWcyKW82kCmQ root@ubuntu-bionic (ED25519)
<14>Jul  4 19:25:20 cloud-init: 2048 SHA256:FwfICoTtUDyh/cSoymlXz/TvmiooVevUR3h7I4xGtpo root@ubuntu-bionic (RSA)
<14>Jul  4 19:25:20 cloud-init: -----END SSH HOST KEY FINGERPRINTS-----
<14>Jul  4 19:25:20 cloud-init: #############################################################
-----BEGIN SSH HOST KEY KEYS-----
ecdsa-sha2-nistp256 AAAAE2VjZHNhLXNoYTItbmlzdHAyNTYAAAAIbmlzdHAyNTYAAABBBAndxEiZ+vfYxWEgEs9OlKAiLxGUBXGo03ztPH2XEs/KcHHvKJ4ruXt+tPalR/TVY1Ssrr5THQVq+UoVz44JPvU= root@ubuntu-bionic
ssh-ed25519 AAAAC3NzaC1lZDI1NTE5AAAAIFDlDF0GaJxzOoV/4UdxyQD3cXmZD+gbqk9u5LvGUYyu root@ubuntu-bionic
ssh-rsa AAAAB3NzaC1yc2EAAAADAQABAAABAQC+KNyASQzbUqksdCBybSURHDs1zhScaTa4W4foMCftvPWaqllb64P8genDEvJzleMbVOthHFTFy6GOT3C3yBop/ugaEJc5wnqyJXcVshT4NXBVc1dKmRjEvYw73DOQ3rMmmkIZTLfafdVbW5UHT9mJaQSDu/nyyQzbIp+T7sB1OrzKnjqzlSC1ucVEZ4trR9cx4WVu6+ZI087OQAIn66ZUG5frWbSdBaMm8WRiOFqMBGp7xmRHxM8VrrXeo1BcWhXjlCLOpnmfQoygR8ZQuVOo8FI4Ikg4FZTtVvYI48V9glOY3jm6uRN3YodRpTCVWpYPV95QKIOdH5qf7KsrL+Vd root@ubuntu-bionic
-----END SSH HOST KEY KEYS-----
[   76.905708] cloud-init[1888]: Cloud-init v. 23.1.2-0ubuntu0~18.04.1 running 'modules:final' at Thu, 04 Jul 2024 19:25:20 +0000. Up 76.69 seconds.
[   76.905944] cloud-init[1888]: Cloud-init v. 23.1.2-0ubuntu0~18.04.1 finished at Thu, 04 Jul 2024 19:25:20 +0000. Datasource DataSourceNoCloud [seed=/dev/sdb][dsmode=net].  Up 76.90 seconds
[[0;32m  OK  [0m] Stopped target Cloud-init target.
         Stopping Availability of block devices...
[[0;32m  OK  [0m] Stopped Execute cloud user/final scripts.
[[0;32m  OK  [0m] Closed Load/Save RF Kill Switch Status /dev/rfkill Watch.
[[0;32m  OK  [0m] Stopped target Timers.
[[0;32m  OK  [0m] Stopped Message of the Day.
[[0;32m  OK  [0m] Stopped target Graphical Interface.
[[0;32m  OK  [0m] Stopped target Multi-User System.
         Stopping Virtualbox guest utils...
         Stopping LXD - container startup/shutdown...
         Stopping System Logging Service...
         Stopping Regular background program processing daemon...
         Stopping Accounts Service...
[[0;32m  OK  [0m] Stopped target Login Prompts.
         Stopping Getty on tty1...
         Stoppin[[0;32m  OK  [0m] Closed Load/Save RF Kill Switch Status /dev/rfkill Watch.
         Stopping Session 5 of user vagrant.
[[0;32m  OK  [0m] Stopped target Graphical Interface.
         Stopping Accounts Service...
[[0;32m  OK  [0m] Stopped target Timers.
[[0;32m  OK  [0m] Stopped Daily Cleanup of Temporary Directories.
[[0;32m  OK  [0m] Stopped Discard unused blocks once a week.
         Stopping User Manager for UID 1000...
[[0;32m  OK  [0m] Stopped Message of the Day.
         Stopping Availability of block devices...
         Stopping Authorization Manager...
[[0;32m  OK  [0m] Stopped Ubuntu Advantage Timer for running repeated jobs.
[[0;32m  OK  [0m] Stopped target Cloud-init target.
[[0;32m  OK  [0m] Stopped Execute cloud user/final scripts.
[[0;32m  OK  [0m] Stopped Apply the settings specified in cloud-config.
[[0;32m  OK  [0m] Stopped target Cloud-config availability.
[[0;32m  OK  [0m] Stopped target Multi-User System.
         Stopping FUSE filesystem for LXC...
         Stopping Virtualbox guest utils...
         Stopping LXD - container startup/shutdown...
         Stopping System Logging Service...
[[0;32m  OK  [0m] Stopped Wait until snapd is fully seeded.
         Stopping LSB: Record successful boot for GRUB...
[[0;32m  OK  [0m] Stopped target Login Prompts.
         Stopping Getty on tty1...
         Stopping Serial Getty on ttyS0...
         Stopping Dispatcher daemon for systemd-networkd...
         Stopping The Apache HTTP Server...
         Stopping OpenBSD Secure Shell server...
         Stopping Deferred execution scheduler...
         Stopping D-Bus System Message Bus...
         Stopping Regular background program processing daemon...
         Stopping LSB: automatic crash report generation...
[[0;32m  OK  [0m] Stopped Daily apt upgrade and clean activities.
[[0;32m  OK  [0m] Stopped Daily apt download activities.
[[0;32m  OK  [0m] Stopped target System Time Synchronized.
         Stopping irqbalance daemon...
[[0;32m  OK  [0m] Unmounted /var/lib/lxcfs.
[[0;32m  OK  [0m] Stopped Deferred execution scheduler.
[[0;32m  OK  [0m] Stopped Dispatcher daemon for systemd-networkd.
[[0;32m  OK  [0m] Stopped D-Bus System Message Bus.
[[0;32m  OK  [0m] Stopped irqbalance daemon.
[[0;32m  OK  [0m] Stopped Regular background program processing daemon.
[[0;32m  OK  [0m] Stopped Getty on tty1.
[[0;32m  OK  [0m] Stopped System Logging Service.
[[0;32m  OK  [0m] Stopped Accounts Service.
[[0;32m  OK  [0m] Stopped Serial Getty on ttyS0.
[[0;32m  OK  [0m] Stopped OpenBSD Secure Shell server.
[[0;32m  OK  [0m] Stopped Session 5 of user vagrant.
[[0;32m  OK  [0m] Removed slice system-serial\x2dgetty.slice.
[[0;32m  OK  [0m] Stopped target Login Prompts (Pre).
[[0;32m  OK  [0m] Removed slice system-getty.slice.
[[0;32m  OK  [0m] Stopped User Manager for UID 1000.
[[0;32m  OK  [0m] Removed slice User Slice of vagrant.
         Stopping Login Service...
         Stopping Permit User Sessions...
[[0;32m  OK  [0m] Stopped Authorization Manager.
[[0;32m  OK  [0m] Stopped LXD - container startup/shutdown.
[[0;32m  OK  [0m] Stopped FUSE filesystem for LXC.
[[0;32m  OK  [0m] Stopped LSB: Record successful boot for GRUB.
[[0;32m  OK  [0m] Stopped Permit User Sessions.
[[0;32m  OK  [0m] Stopped LSB: automatic crash report generation.
[[0;32m  OK  [0m] Stopped Virtualbox guest utils.
[[0;32m  OK  [0m] Stopped Availability of block devices.
[[0;32m  OK  [0m] Stopped The Apache HTTP Server.
[[0;32m  OK  [0m] Stopped target Host and Network Name Lookups.
[[0;32m  OK  [0m] Stopped target Remote File Systems.
         Unmounting /vagrant...
         Unmounting /var/www/html...
[[0;32m  OK  [0m] Unmounted /vagrant.
[[0;32m  OK  [0m] Unmounted /var/www/html.
[[0;32m  OK  [0m] Stopped target Remote File Systems (Pre).
[[0;32m  OK  [0m] Stopped target Network is Online.
[[0;32m  OK  [0m] Stopped target Network.
         Stopping Network Name Resolution...
[[0;32m  OK  [0m] Stopped Login Service.
[[0;32m  OK  [0m] Stopped target Basic System.
[[0;32m  OK  [0m] Stopped target Paths.
[[0;32m  OK  [0m] Stopped ACPI Events Check.
[[0;32m  OK  [0m] Stopped target Slices.
[[0;32m  OK  [0m] Removed slice User and Session Slice.
[[0;32m  OK  [0m] Stopped target Sockets.
[[0;32m  OK  [0m] Closed Socket activation for snappy daemon.
[[0;32m  OK  [0m] Closed Open-iSCSI iscsid Socket.
[[0;32m  OK  [0m] Closed cloud-init hotplug hook socket.
[[0;32m  OK  [0m] Closed Syslog Socket.
[[0;32m  OK  [0m] Closed ACPID Listen Socket.
[[0;32m  OK  [0m] Closed D-Bus System Message Bus Socket.
[[0;32m  OK  [0m] Closed LXD - unix socket.
[[0;32m  OK  [0m] Closed UUID daemon activation socket.
[[0;32m  OK  [0m] Stopped target System Initialization.
[[0;32m  OK  [0m] Stopped target Local Encrypted Volumes.
[[0;32m  OK  [0m] Stopped Forward Password Requests to Wall Directory Watch.
[[0;32m  OK  [0m] Stopped Dispatch Password Requests to Console Directory Watch.
         Stopping Update UTMP about System Boot/Shutdown...
[[0;32m  OK  [0m] Stopped Initial cloud-init job (metadata service crawler).
[[0;32m  OK  [0m] Stopped Commit a transient machine-id on disk.
         Stopping Load/Save Random Seed...
[[0;32m  OK  [0m] Stopped target User and Group Name Lookups.
[[0;32m  OK  [0m] Stopped Network Name Resolution.
         Stopping Network Service...
[[0;32m  OK  [0m] Stopped Load/Save Random Seed.
[[0;32m  OK  [0m] Stopped Update UTMP about System Boot/Shutdown.
[[0;32m  OK  [0m] Stopped Create Volatile Files and Directories.
[[0;32m  OK  [0m] Stopped target Local File Systems.
         Unmounting /run/user/1000...
[[0;32m  OK  [0m] Stopped target Mounted snaps.
[[0;32m  OK  [0m] Stopped target Mounting snaps.
[[0;32m  OK  [0m] Unmounted /run/user/1000.
[[0;32m  OK  [0m] Reached target Unmount All Filesystems.
[[0;32m  OK  [0m] Stopped target Swap.
[[0;32m  OK  [0m] Stopped target Local File Systems (Pre).
[[0;32m  OK  [0m] Stopped Create Static Device Nodes in /dev.
         Stopping Monitoring of LVM2 mirrorsâ€¦ng dmeventd or progress polling...
[[0;32m  OK  [0m] Stopped Monitoring of LVM2 mirrors,â€¦sing dmeventd or progress polling.
[[0;32m  OK  [0m] Stopped Network Service.
[[0;32m  OK  [0m] Stopped Apply Kernel Variables.
[[0;32m  OK  [0m] Stopped Load Kernel Modules.
[[0;32m  OK  [0m] Stopped target Network (Pre).
[[0;32m  OK  [0m] Stopped Initial cloud-init job (pre-networking).
[[0;32m  OK  [0m] Stopped Remount Root and Kernel File Systems.
[[0;32m  OK  [0m] Reached target Shutdown.
[[0;32m  OK  [0m] Reached target Final Step.
         Starting Power-Off...
         Stopping LVM2 metadata daemon...
[[0;32m  OK  [0m] Stopped LVM2 metadata daemon.
[  457.684282] reboot: Power down
